No polling

0) 3
1) `2` should be `3`
2) `1` should be `2`
