{'duration': datetime.timedelta(seconds=2), 'width': '2px', 'style': 'dotted', 'color': 'blue'}
