Video size

0) {'width': 1280, 'height': 720}
1) {'width': 1280, 'height': 720}
2) {'width': 12, 'height': 11}
3) {'width': 123, 'height': 111}
4) {'width': 12, 'height': 11}
