Contains

0) actual
1) custom 'actual' (str) should contain 'nope' (str)
2) actual
3) 'actual' (str) should contain 'nope' (str)
