greater or equal

0) 1
1) '1' (int) should be less than or equal '0' (int)
2) 1
