{
    "video": "/path/to/file",
    "size": {
        "x": 1,
        "y": 2
    }
}
