{
    "a1": {
        "video": "/path/to/file",
        "size": {
            "x": 1,
            "y": 2
        }
    },
    "b2": {
        "video": "/path/to/file",
        "size": {
            "x": 1,
            "y": 2
        }
    }
}
