header

0) | Keyword name                               | Reason                                  |
1) | ------------------------------------------ | --------------------------------------- |
2) | Keyword name | Reason                                  |
3) | ------------ | --------------------------------------- |
