{'duration': datetime.timedelta(seconds=4), 'width': '2px', 'style': 'dotted', 'color': 'white'}
