{'duration': datetime.timedelta(seconds=5), 'width': '2px', 'style': 'dotted', 'color': 'black'}
