start with

0) Hello Robots
1) 'Hello Robots' (str) should start with 'Robots' (str)
2) Hello Robots
3) 'Hello Robots' (str) should start with 'Robots' (str)
4) Hel[4,5]?[1-9]+ Robots
5) 'Hel[4,5]?[1-9]+ Robots' (str) should start with '.*' (str)
